// Jest Snapshot v1, https://goo.gl/fbAQLP

exports[`<ProfileTaskList /> should render correctly 1`] = `
<DocumentFragment>
  <section
    class="ProfileTaskList__TaskWrapper-sc-1n7pogt-0 fFwAB"
  >
    <div
      class="TasksStyled__Marker-j2i96a-0 kTppzS"
    >
      <img
        alt=""
        src="taskpaw.png"
      />
    </div>
    <div
      class="TasksStyled__Description-j2i96a-1 dAkghC"
    >
      <h3 />
    </div>
    <div
      class="TasksStyled__Time-j2i96a-2 DoAZa"
    >
      <h4 />
    </div>
    <div
      class="TasksStyled__Date-j2i96a-3 kHFcCQ"
      data-cy="date"
    >
      <p />
    </div>
    <div
      class="TasksStyled__Person-j2i96a-4 jToTCz"
      data-cy="owner_name"
    >
      <p>
        To be completed by: 
      </p>
    </div>
    <div
      class="TasksStyled__Status-j2i96a-5 fCOCIY"
    >
      <input
        checked=""
        class="Checkbox__CheckboxStyled-sc-1blqffb-0 gefyIW"
        type="checkbox"
      />
    </div>
    <div
      class="ProfileTaskList__Update-sc-1n7pogt-1 hhSVAE"
    >
      <a
        data-cy="edit-task"
        href="/pet/1/1/update-task"
      >
        <div
          class="sc-AxjAm TegUP"
        >
          <img
            alt="edit"
            src="edit.png"
          />
        </div>
      </a>
    </div>
  </section>
</DocumentFragment>
`;
